/Users/saiboddapati/Documents/amz-ml-challenge/business_entity_resolution/src/block.py:96: DeprecationWarning: In Polars 2.0, the default behavior for `empty_as_null` will change to `False`. To keep the current behavior, explicitly set `empty_as_null=True`.
  .select(pl.col("w").str.split(" ")).explode("w").select(phonetic(pl.col("w")))["w"]
train: s1 2,206,821  s23 10,320,219
[India] s1 883,188  s23 4,133,346
/Users/saiboddapati/Documents/amz-ml-challenge/business_entity_resolution/src/block.py:104: DeprecationWarning: In Polars 2.0, the default behavior for `empty_as_null` will change to `False`. To keep the current behavior, explicitly set `empty_as_null=True`.
  .explode("t").filter(pl.col("t").str.len_chars() > 0).unique(["row", "t"])
/Users/saiboddapati/Documents/amz-ml-challenge/business_entity_resolution/src/block.py:110: DeprecationWarning: In Polars 2.0, the default behavior for `empty_as_null` will change to `False`. To keep the current behavior, explicitly set `empty_as_null=True`.
  .explode("t").filter(pl.col("t").str.contains(r"^[a-z][a-z0-9]{2,}$"))
/Users/saiboddapati/Documents/amz-ml-challenge/business_entity_resolution/src/block.py:113: DeprecationWarning: In Polars 2.0, the default behavior for `empty_as_null` will change to `False`. To keep the current behavior, explicitly set `empty_as_null=True`.
  .explode("t").filter(pl.col("t").str.len_chars() > 0)
/Users/saiboddapati/Documents/amz-ml-challenge/business_entity_resolution/src/block.py:119: DeprecationWarning: In Polars 2.0, the default behavior for `empty_as_null` will change to `False`. To keep the current behavior, explicitly set `empty_as_null=True`.
  .explode("t").filter(pl.col("t").str.contains(r"^[a-z]{3,}$"))
  tokens ready 31s
  keys spilled (58s)
  S1 25,000/883,188: kept 1.06M (62s)
  S1 50,000/883,188: kept 1.06M (65s)
  S1 75,000/883,188: kept 1.07M (69s)
  S1 100,000/883,188: kept 1.07M (72s)
  S1 125,000/883,188: kept 1.07M (75s)
  S1 150,000/883,188: kept 1.07M (79s)
  S1 175,000/883,188: kept 1.06M (82s)
  S1 200,000/883,188: kept 1.07M (85s)
  S1 225,000/883,188: kept 1.06M (89s)
  S1 250,000/883,188: kept 1.07M (92s)
  S1 275,000/883,188: kept 1.06M (96s)
  S1 300,000/883,188: kept 1.06M (99s)
  S1 325,000/883,188: kept 1.07M (103s)
  S1 350,000/883,188: kept 1.06M (106s)
  S1 375,000/883,188: kept 1.07M (110s)
  S1 400,000/883,188: kept 1.07M (113s)
  S1 425,000/883,188: kept 1.06M (117s)
  S1 450,000/883,188: kept 1.06M (120s)
  S1 475,000/883,188: kept 1.06M (124s)
  S1 500,000/883,188: kept 1.06M (127s)
  S1 525,000/883,188: kept 1.06M (131s)
  S1 550,000/883,188: kept 1.06M (135s)
  S1 575,000/883,188: kept 1.06M (138s)
  S1 600,000/883,188: kept 1.07M (142s)
  S1 625,000/883,188: kept 1.06M (145s)
  S1 650,000/883,188: kept 1.07M (149s)
  S1 675,000/883,188: kept 1.07M (152s)
  S1 700,000/883,188: kept 1.07M (156s)
  S1 725,000/883,188: kept 1.07M (159s)
  S1 750,000/883,188: kept 1.06M (163s)
  S1 775,000/883,188: kept 1.06M (167s)
  S1 800,000/883,188: kept 1.07M (171s)
  S1 825,000/883,188: kept 1.07M (174s)
  S1 850,000/883,188: kept 1.07M (178s)
  S1 875,000/883,188: kept 1.07M (181s)
  S1 883,188/883,188: kept 0.35M (183s)
[US] s1 1,323,633  s23 6,186,873
  tokens ready 45s
  keys spilled (84s)
  S1 25,000/1,323,633: kept 1.04M (87s)
  S1 50,000/1,323,633: kept 1.04M (91s)
  S1 75,000/1,323,633: kept 1.04M (95s)
  S1 100,000/1,323,633: kept 1.04M (99s)
  S1 125,000/1,323,633: kept 1.04M (103s)
  S1 150,000/1,323,633: kept 1.04M (106s)
  S1 175,000/1,323,633: kept 1.04M (109s)
  S1 200,000/1,323,633: kept 1.04M (113s)
  S1 225,000/1,323,633: kept 1.04M (116s)
  S1 250,000/1,323,633: kept 1.04M (122s)
  S1 275,000/1,323,633: kept 1.04M (126s)
  S1 300,000/1,323,633: kept 1.04M (130s)
  S1 325,000/1,323,633: kept 1.04M (134s)
  S1 350,000/1,323,633: kept 1.04M (139s)
  S1 375,000/1,323,633: kept 1.04M (143s)
  S1 400,000/1,323,633: kept 1.04M (148s)
  S1 425,000/1,323,633: kept 1.04M (154s)
  S1 450,000/1,323,633: kept 1.04M (159s)
  S1 475,000/1,323,633: kept 1.04M (164s)
  S1 500,000/1,323,633: kept 1.04M (169s)
  S1 525,000/1,323,633: kept 1.04M (174s)
  S1 550,000/1,323,633: kept 1.04M (179s)
  S1 575,000/1,323,633: kept 1.04M (184s)
  S1 600,000/1,323,633: kept 1.04M (189s)
  S1 625,000/1,323,633: kept 1.04M (193s)
  S1 650,000/1,323,633: kept 1.04M (197s)
  S1 675,000/1,323,633: kept 1.04M (202s)
  S1 700,000/1,323,633: kept 1.04M (207s)
  S1 725,000/1,323,633: kept 1.04M (213s)
  S1 750,000/1,323,633: kept 1.04M (218s)
  S1 775,000/1,323,633: kept 1.04M (223s)
  S1 800,000/1,323,633: kept 1.04M (228s)
  S1 825,000/1,323,633: kept 1.04M (232s)
  S1 850,000/1,323,633: kept 1.04M (236s)
  S1 875,000/1,323,633: kept 1.04M (240s)
  S1 900,000/1,323,633: kept 1.04M (245s)
  S1 925,000/1,323,633: kept 1.04M (250s)
  S1 950,000/1,323,633: kept 1.04M (254s)
  S1 975,000/1,323,633: kept 1.04M (258s)
  S1 1,000,000/1,323,633: kept 1.04M (263s)
  S1 1,025,000/1,323,633: kept 1.04M (267s)
  S1 1,050,000/1,323,633: kept 1.04M (272s)
  S1 1,075,000/1,323,633: kept 1.04M (276s)
  S1 1,100,000/1,323,633: kept 1.04M (280s)
  S1 1,125,000/1,323,633: kept 1.04M (286s)
  S1 1,150,000/1,323,633: kept 1.04M (291s)
  S1 1,175,000/1,323,633: kept 1.04M (295s)
  S1 1,200,000/1,323,633: kept 1.03M (300s)
  S1 1,225,000/1,323,633: kept 1.04M (305s)
  S1 1,250,000/1,323,633: kept 1.04M (309s)
  S1 1,275,000/1,323,633: kept 1.04M (314s)
  S1 1,300,000/1,323,633: kept 1.04M (318s)
  S1 1,323,633/1,323,633: kept 0.98M (322s)
wrote artifacts/cand/train_full_n1_v3h1: 92,458,548 pairs over 2,206,808 S1 with candidates (510s)
peak RSS 1.69 GB, wall 510s
exit 0
