train: 53 candidate parts, 5 fold models, 73 features
  part 1/53: 108,120 pairs (11s)
  part 2/53: 99,376 pairs (20s)
  part 3/53: 104,512 pairs (36s)
  part 4/53: 102,439 pairs (55s)
  part 5/53: 103,124 pairs (73s)
  part 6/53: 106,910 pairs (88s)
  part 7/53: 102,670 pairs (97s)
  part 8/53: 98,597 pairs (106s)
  part 9/53: 103,403 pairs (116s)
  part 10/53: 107,460 pairs (124s)
  part 11/53: 105,136 pairs (133s)
  part 12/53: 103,083 pairs (142s)
  part 13/53: 102,278 pairs (151s)
  part 14/53: 106,081 pairs (159s)
  part 15/53: 103,484 pairs (169s)
  part 16/53: 102,742 pairs (179s)
  part 17/53: 102,573 pairs (189s)
  part 18/53: 101,328 pairs (199s)
  part 19/53: 103,447 pairs (209s)
  part 20/53: 102,113 pairs (219s)
  part 21/53: 103,069 pairs (229s)
  part 22/53: 102,530 pairs (238s)
  part 23/53: 108,268 pairs (249s)
  part 24/53: 103,118 pairs (258s)
  part 25/53: 104,866 pairs (268s)
  part 26/53: 100,939 pairs (278s)
  part 27/53: 100,537 pairs (287s)
  part 28/53: 103,147 pairs (296s)
  part 29/53: 104,325 pairs (306s)
  part 30/53: 101,697 pairs (316s)
  part 31/53: 105,124 pairs (325s)
  part 32/53: 103,166 pairs (335s)
  part 33/53: 99,623 pairs (344s)
  part 34/53: 108,798 pairs (356s)
  part 35/53: 103,001 pairs (366s)
  part 36/53: 101,782 pairs (375s)
  part 37/53: 101,500 pairs (385s)
  part 38/53: 102,791 pairs (395s)
  part 39/53: 105,776 pairs (406s)
  part 40/53: 104,199 pairs (416s)
  part 41/53: 102,758 pairs (426s)
  part 42/53: 105,328 pairs (436s)
  part 43/53: 106,318 pairs (447s)
  part 44/53: 104,442 pairs (457s)
  part 45/53: 102,964 pairs (467s)
  part 46/53: 105,963 pairs (477s)
  part 47/53: 102,793 pairs (487s)
  part 48/53: 101,717 pairs (496s)
  part 49/53: 102,623 pairs (507s)
  part 50/53: 104,373 pairs (517s)
  part 51/53: 102,981 pairs (527s)
  part 52/53: 102,653 pairs (539s)
  part 53/53: 97,190 pairs (549s)
scores in artifacts/score/train10us_n1_v3h1 (549s)
peak RSS 2.08 GB, wall 551s
exit 0
