/Users/saiboddapati/Documents/amz-ml-challenge/business_entity_resolution/src/features.py:91: DeprecationWarning: In Polars 2.0, the default behavior for `empty_as_null` will change to `False`. To keep the current behavior, explicitly set `empty_as_null=True`.
  side = lambda c: (p.select("pid", "country", t=_tokens(c).list.unique()).explode("t")
  part-India-000.parquet: 103,459 pairs (4s)
  part-India-001.parquet: 103,749 pairs (8s)
  part-India-002.parquet: 107,190 pairs (12s)
  part-India-003.parquet: 105,993 pairs (17s)
  part-India-004.parquet: 102,713 pairs (21s)
  part-India-005.parquet: 104,080 pairs (26s)
  part-India-006.parquet: 108,052 pairs (30s)
  part-India-007.parquet: 103,683 pairs (34s)
  part-India-008.parquet: 104,259 pairs (39s)
  part-India-009.parquet: 104,245 pairs (43s)
  part-India-010.parquet: 106,878 pairs (47s)
  part-India-011.parquet: 108,392 pairs (51s)
  part-India-012.parquet: 108,542 pairs (55s)
  part-India-013.parquet: 105,897 pairs (59s)
  part-India-014.parquet: 104,793 pairs (63s)
  part-India-015.parquet: 109,050 pairs (67s)
  part-India-016.parquet: 106,277 pairs (71s)
  part-India-017.parquet: 107,024 pairs (75s)
  part-India-018.parquet: 107,971 pairs (79s)
  part-India-019.parquet: 106,417 pairs (83s)
  part-India-020.parquet: 105,100 pairs (87s)
  part-India-021.parquet: 104,825 pairs (91s)
  part-India-022.parquet: 106,137 pairs (95s)
  part-India-023.parquet: 109,258 pairs (98s)
  part-India-024.parquet: 105,023 pairs (102s)
  part-India-025.parquet: 106,664 pairs (106s)
  part-India-026.parquet: 108,610 pairs (111s)
  part-India-027.parquet: 103,936 pairs (115s)
  part-India-028.parquet: 107,720 pairs (119s)
  part-India-029.parquet: 107,041 pairs (123s)
  part-India-030.parquet: 108,037 pairs (127s)
  part-India-031.parquet: 105,958 pairs (131s)
  part-India-032.parquet: 109,542 pairs (135s)
  part-India-033.parquet: 107,649 pairs (139s)
  part-India-034.parquet: 105,148 pairs (143s)
  part-India-035.parquet: 35,230 pairs (145s)
  part-US-000.parquet: 102,825 pairs (149s)
  part-US-001.parquet: 98,365 pairs (152s)
  part-US-002.parquet: 100,741 pairs (156s)
  part-US-003.parquet: 104,123 pairs (160s)
  part-US-004.parquet: 103,965 pairs (164s)
  part-US-005.parquet: 101,317 pairs (168s)
  part-US-006.parquet: 106,360 pairs (171s)
  part-US-007.parquet: 107,500 pairs (175s)
  part-US-008.parquet: 105,812 pairs (180s)
  part-US-009.parquet: 103,897 pairs (184s)
  part-US-010.parquet: 106,353 pairs (188s)
  part-US-011.parquet: 105,617 pairs (192s)
  part-US-012.parquet: 104,850 pairs (195s)
  part-US-013.parquet: 104,097 pairs (199s)
  part-US-014.parquet: 103,241 pairs (203s)
  part-US-015.parquet: 102,355 pairs (207s)
  part-US-016.parquet: 100,414 pairs (210s)
  part-US-017.parquet: 105,028 pairs (214s)
  part-US-018.parquet: 102,212 pairs (218s)
  part-US-019.parquet: 99,620 pairs (221s)
  part-US-020.parquet: 102,976 pairs (225s)
  part-US-021.parquet: 105,225 pairs (229s)
  part-US-022.parquet: 102,092 pairs (232s)
  part-US-023.parquet: 103,524 pairs (236s)
  part-US-024.parquet: 106,020 pairs (240s)
  part-US-025.parquet: 103,730 pairs (243s)
  part-US-026.parquet: 105,293 pairs (247s)
  part-US-027.parquet: 102,300 pairs (251s)
  part-US-028.parquet: 105,681 pairs (255s)
  part-US-029.parquet: 105,343 pairs (258s)
  part-US-030.parquet: 101,203 pairs (262s)
  part-US-031.parquet: 103,195 pairs (266s)
  part-US-032.parquet: 101,774 pairs (269s)
  part-US-033.parquet: 102,658 pairs (273s)
  part-US-034.parquet: 104,380 pairs (276s)
  part-US-035.parquet: 103,865 pairs (280s)
  part-US-036.parquet: 103,893 pairs (284s)
  part-US-037.parquet: 101,824 pairs (287s)
  part-US-038.parquet: 105,605 pairs (291s)
  part-US-039.parquet: 105,593 pairs (295s)
  part-US-040.parquet: 103,147 pairs (298s)
  part-US-041.parquet: 105,718 pairs (302s)
  part-US-042.parquet: 104,948 pairs (306s)
  part-US-043.parquet: 104,437 pairs (310s)
  part-US-044.parquet: 101,643 pairs (313s)
  part-US-045.parquet: 106,211 pairs (317s)
  part-US-046.parquet: 100,747 pairs (321s)
  part-US-047.parquet: 100,741 pairs (324s)
  part-US-048.parquet: 107,356 pairs (328s)
  part-US-049.parquet: 105,254 pairs (332s)
  part-US-050.parquet: 103,475 pairs (335s)
  part-US-051.parquet: 105,094 pairs (339s)
  part-US-052.parquet: 99,159 pairs (343s)
wrote artifacts/feat/train10b_n1_v3h1: 9,247,338 new rows
peak RSS 2.06 GB, wall 345s
