pool (train S1 minus dev): 2,184,688   lockbox: 45,518   dev: 22,133   disjoint: True
lockbox:
shape: (2, 6)
+---------+-------+-----------+--------+--------+--------+
| country | s1    | singleton | b1     | b2     | b3p    |
| ---     | ---   | ---       | ---    | ---    | ---    |
| str     | u32   | f64       | f64    | f64    | f64    |
+========================================================+
| India   | 18220 | 0.0559    | 0.0538 | 0.1698 | 0.7205 |
| US      | 27298 | 0.0558    | 0.0541 | 0.1702 | 0.7198 |
+---------+-------+-----------+--------+--------+--------+
pool:
shape: (2, 6)
+---------+---------+-----------+--------+--------+--------+
| country | s1      | singleton | b1     | b2     | b3p    |
| ---     | ---     | ---       | ---    | ---    | ---    |
| str     | u32     | f64       | f64    | f64    | f64    |
+==========================================================+
| India   | 874437  | 0.0559    | 0.0538 | 0.1697 | 0.7206 |
| US      | 1310251 | 0.0558    | 0.0541 | 0.1702 | 0.7198 |
+---------+---------+-----------+--------+--------+--------+
peak RSS 1.48 GB, wall 12s
