current (/lnN): pooled 0.9605  LOCO US 0.9527  IN-Latin 0.9098 (1953s)
raw idf sums: pooled 0.9598  LOCO US 0.9476  IN-Latin 0.9076 (272s)
within-country pct: pooled 0.9600  LOCO US 0.9483  IN-Latin 0.9044 (258s)
-idf feats: pooled 0.9538  LOCO US 0.9519  IN-Latin 0.9009 (9640s)
-addr/len struct: pooled 0.9579  LOCO US 0.9491  IN-Latin 0.9016 (2177s)
-postal: pooled 0.9600  LOCO US 0.9529  IN-Latin 0.9094 (262s)
-script: pooled 0.9597  LOCO US 0.9516  IN-Latin 0.9121 (268s)
-idf -struct: pooled 0.9471  LOCO US 0.9393  IN-Latin 0.8837 (199s)
pct -struct: pooled 0.9578  LOCO US 0.9414  IN-Latin 0.9014 (3360s)
shape: (9, 12)
+--------------------+--------+-----------+-----------+---------+------------+------------+----------+--------------+---------+---------+----------+
| variant            | pooled | pooled_us | pooled_in | loco_us | loco_inlat | loco_inall | expected | d_vs_current | ci_lo   | ci_hi   | p_better |
| ---                | ---    | ---       | ---       | ---     | ---        | ---        | ---      | ---          | ---     | ---     | ---      |
| str                | f64    | f64       | f64       | f64     | f64        | f64        | f64      | f64          | f64     | f64     | f64      |
+==================================================================================================================================================+
| current (/lnN)     | 0.9605 | 0.9716    | 0.9436    | 0.9527  | 0.9098     | 0.8436     | 0.9562   | 0.0000       | 0.0000  | 0.0000  | 0.0000   |
| raw idf sums       | 0.9598 | 0.9712    | 0.9423    | 0.9476  | 0.9076     | 0.8431     | 0.9550   | -0.0012      | -0.0017 | -0.0007 | 0.0000   |
| within-country pct | 0.9600 | 0.9716    | 0.9423    | 0.9483  | 0.9044     | 0.8391     | 0.9550   | -0.0012      | -0.0018 | -0.0006 | 0.0000   |
| -idf feats         | 0.9538 | 0.9675    | 0.9328    | 0.9519  | 0.9009     | 0.8472     | 0.9497   | -0.0065      | -0.0073 | -0.0056 | 0.0000   |
| -addr/len struct   | 0.9579 | 0.9692    | 0.9405    | 0.9491  | 0.9016     | 0.8392     | 0.9530   | -0.0032      | -0.0039 | -0.0025 | 0.0000   |
| -postal            | 0.9600 | 0.9712    | 0.9429    | 0.9529  | 0.9094     | 0.8424     | 0.9557   | -0.0005      | -0.0009 | -0.0000 | 0.0245   |
| -script            | 0.9597 | 0.9714    | 0.9417    | 0.9516  | 0.9121     | 0.8457     | 0.9555   | -0.0007      | -0.0012 | -0.0002 | 0.0045   |
| -idf -struct       | 0.9471 | 0.9623    | 0.9239    | 0.9393  | 0.8837     | 0.8603     | 0.9418   | -0.0144      | -0.0155 | -0.0133 | 0.0000   |
| pct -struct        | 0.9578 | 0.9696    | 0.9396    | 0.9414  | 0.9014     | 0.8327     | 0.9523   | -0.0039      | -0.0046 | -0.0032 | 0.0000   |
+--------------------+--------+-----------+-----------+---------+------------+------------+----------+--------------+---------+---------+----------+
wrote reports/loco_ablation_full.md
peak RSS 2.10 GB, wall 18422s
