train s1: 2,206,821 rows in 18s
train s2: 5,034,616 rows in 39s
train s3: 5,285,603 rows in 58s
/Users/saiboddapati/Documents/amz-ml-challenge/business_entity_resolution/src/block.py:96: DeprecationWarning: In Polars 2.0, the default behavior for `empty_as_null` will change to `False`. To keep the current behavior, explicitly set `empty_as_null=True`.
  .select(pl.col("w").str.split(" ")).explode("w").select(phonetic(pl.col("w")))["w"]
train: s1 30,000  s23 10,320,219
[India] s1 12,128  s23 4,133,346
/Users/saiboddapati/Documents/amz-ml-challenge/business_entity_resolution/src/block.py:104: DeprecationWarning: In Polars 2.0, the default behavior for `empty_as_null` will change to `False`. To keep the current behavior, explicitly set `empty_as_null=True`.
  .explode("t").filter(pl.col("t").str.len_chars() > 0).unique(["row", "t"])
/Users/saiboddapati/Documents/amz-ml-challenge/business_entity_resolution/src/block.py:110: DeprecationWarning: In Polars 2.0, the default behavior for `empty_as_null` will change to `False`. To keep the current behavior, explicitly set `empty_as_null=True`.
  .explode("t").filter(pl.col("t").str.contains(r"^[a-z][a-z0-9]{2,}$"))
/Users/saiboddapati/Documents/amz-ml-challenge/business_entity_resolution/src/block.py:113: DeprecationWarning: In Polars 2.0, the default behavior for `empty_as_null` will change to `False`. To keep the current behavior, explicitly set `empty_as_null=True`.
  .explode("t").filter(pl.col("t").str.len_chars() > 0)
/Users/saiboddapati/Documents/amz-ml-challenge/business_entity_resolution/src/block.py:119: DeprecationWarning: In Polars 2.0, the default behavior for `empty_as_null` will change to `False`. To keep the current behavior, explicitly set `empty_as_null=True`.
  .explode("t").filter(pl.col("t").str.contains(r"^[a-z]{3,}$"))
  tokens ready 41s
  keys spilled (106s)
  S1 12,128/12,128: kept 0.52M (113s)
[US] s1 17,872  s23 6,186,873
  tokens ready 73s
  keys spilled (175s)
  S1 17,872/17,872: kept 0.74M (185s)
wrote artifacts/cand/train_check_n1_v3h1: 1,256,652 pairs over 30,000 S1 with candidates (304s)
peak RSS 1.24 GB, wall 305s
train: 2 candidate parts, 5 fold models, 73 features
  part 1/2: 515,863 pairs (69s)
  part 2/2: 740,789 pairs (184s)
  outputs written (186s)
shape: (2, 8)
+---------+-------+-------------+----------------+-----+-------------+-----------+--------------+
| country | s1    | empty_share | matches_per_s1 | p95 | cand_per_s1 | pred_rate | native_share |
| ---     | ---   | ---         | ---            | --- | ---         | ---       | ---          |
| str     | u32   | f64         | f64            | f64 | f64         | f64       | f64          |
+===============================================================================================+
| US      | 17872 | 0.059702    | 3.256882       | 6.0 | 41.449698   | 0.078574  | 0.0          |
| India   | 12128 | 0.06621     | 3.099027       | 6.0 | 42.534878   | 0.072858  | 0.129653     |
+---------+-------+-------------+----------------+-----+-------------+-----------+--------------+
done: 1,256,652 scored, 95,792 matched, 30,000 S1 (186s)
peak RSS 1.11 GB, wall 190s
shape: (4, 13)
+---------+----------+-------+-----------+--------+--------+---------------+-----------+---------+---------+------------------+-----------------+--------+
| set     | country  | n     | macro_f05 | ci_lo  | ci_hi  | singleton_f05 | multi_f05 | micro_p | micro_r | empty_share_pred | singleton_share | oracle |
| ---     | ---      | ---   | ---       | ---    | ---    | ---           | ---       | ---     | ---     | ---              | ---             | ---    |
| str     | str      | i64   | f64       | f64    | f64    | f64           | f64       | f64     | f64     | f64              | f64             | f64    |
+========================================================================================================================================================+
| lockbox | ALL      | 30000 | 0.9618    | 0.9605 | 0.9632 | 0.9573        | 0.9621    | 0.9899  | 0.9153  | 0.0623           | 0.0570          | 0.9852 |
| lockbox | India    | 12128 | 0.9448    | 0.9421 | 0.9474 | 0.9496        | 0.9446    | 0.9876  | 0.8814  | 0.0662           | 0.0557          | 0.9716 |
| lockbox | US       | 17872 | 0.9734    | 0.9720 | 0.9747 | 0.9624        | 0.9740    | 0.9914  | 0.9386  | 0.0597           | 0.0580          | 0.9944 |
| lockbox | test-mix | 30000 | 0.9577    | 0.9560 | 0.9593 | null          | null      | null    | null    | null             | null            | null   |
+---------+----------+-------+-----------+--------+--------+---------------+-----------+---------+---------+------------------+-----------------+--------+
appended to output/check_n1/report.md
/Users/saiboddapati/Documents/amz-ml-challenge/business_entity_resolution/src/block.py:96: DeprecationWarning: In Polars 2.0, the default behavior for `empty_as_null` will change to `False`. To keep the current behavior, explicitly set `empty_as_null=True`.
  .select(pl.col("w").str.split(" ")).explode("w").select(phonetic(pl.col("w")))["w"]
train: s1 30,000  s23 10,320,219
[India] s1 12,128  s23 4,133,346
/Users/saiboddapati/Documents/amz-ml-challenge/business_entity_resolution/src/block.py:104: DeprecationWarning: In Polars 2.0, the default behavior for `empty_as_null` will change to `False`. To keep the current behavior, explicitly set `empty_as_null=True`.
  .explode("t").filter(pl.col("t").str.len_chars() > 0).unique(["row", "t"])
/Users/saiboddapati/Documents/amz-ml-challenge/business_entity_resolution/src/block.py:110: DeprecationWarning: In Polars 2.0, the default behavior for `empty_as_null` will change to `False`. To keep the current behavior, explicitly set `empty_as_null=True`.
  .explode("t").filter(pl.col("t").str.contains(r"^[a-z][a-z0-9]{2,}$"))
/Users/saiboddapati/Documents/amz-ml-challenge/business_entity_resolution/src/block.py:113: DeprecationWarning: In Polars 2.0, the default behavior for `empty_as_null` will change to `False`. To keep the current behavior, explicitly set `empty_as_null=True`.
  .explode("t").filter(pl.col("t").str.len_chars() > 0)
/Users/saiboddapati/Documents/amz-ml-challenge/business_entity_resolution/src/block.py:119: DeprecationWarning: In Polars 2.0, the default behavior for `empty_as_null` will change to `False`. To keep the current behavior, explicitly set `empty_as_null=True`.
  .explode("t").filter(pl.col("t").str.contains(r"^[a-z]{3,}$"))
  tokens ready 42s
  keys spilled (111s)
  S1 12,128/12,128: kept 0.52M (116s)
[US] s1 17,872  s23 6,186,873
  tokens ready 59s
  keys spilled (136s)
  S1 17,872/17,872: kept 0.74M (142s)
wrote artifacts/cand/train_check_n2_v3h1: 1,256,496 pairs over 30,000 S1 with candidates (264s)
peak RSS 1.31 GB, wall 264s
peak RSS 0.80 GB, wall 15s
Traceback (most recent call last):
  File "/Users/saiboddapati/Documents/amz-ml-challenge/business_entity_resolution/scripts/peakmem.py", line 26, in <module>
    runpy.run_module(mod, run_name="__main__", alter_sys=True)
  File "<frozen runpy>", line 226, in run_module
  File "<frozen runpy>", line 98, in _run_module_code
  File "<frozen runpy>", line 88, in _run_code
  File "/Users/saiboddapati/Documents/amz-ml-challenge/business_entity_resolution/src/predict.py", line 216, in <module>
    main()
  File "/Users/saiboddapati/Documents/amz-ml-challenge/business_entity_resolution/src/predict.py", line 140, in main
    idf = token_df(args.norm, args.split)
          ^^^^^^^^^^^^^^^^^^^^^^^^^^^^^^^
  File "/Users/saiboddapati/Documents/amz-ml-challenge/business_entity_resolution/src/features.py", line 65, in token_df
    os.makedirs(out_dir, exist_ok=True)
  File "<frozen os>", line 210, in makedirs
  File "<frozen posixpath>", line 103, in split
TypeError: expected str, bytes or os.PathLike object, not NoneType
