train: 3 candidate parts, 5 fold models, 73 features
  part 1/3: 767,387 pairs (119s)
  part 2/3: 1,036,221 pairs (221s)
  part 3/3: 82,543 pairs (232s)
  outputs written (233s)
shape: (2, 8)
+---------+-------+-------------+----------------+-----+-------------+-----------+--------------+
| country | s1    | empty_share | matches_per_s1 | p95 | cand_per_s1 | pred_rate | native_share |
| ---     | ---   | ---         | ---            | --- | ---         | ---       | ---          |
| str     | u32   | f64         | f64            | f64 | f64         | f64       | f64          |
+===============================================================================================+
| US      | 26988 | 0.058026    | 3.279383       | 6.0 | 41.454128   | 0.079109  | 0.0          |
| India   | 18012 | 0.068121    | 3.101321       | 6.0 | 42.604208   | 0.072794  | 0.127694     |
+---------+-------+-------------+----------------+-----+-------------+-----------+--------------+
done: 1,886,151 scored, 144,365 matched, 45,000 S1 (233s)
peak RSS 3.06 GB, wall 239s
shape: (8, 13)
+---------+----------+-------+-----------+--------+--------+---------------+-----------+---------+---------+------------------+-----------------+--------+
| set     | country  | n     | macro_f05 | ci_lo  | ci_hi  | singleton_f05 | multi_f05 | micro_p | micro_r | empty_share_pred | singleton_share | oracle |
| ---     | ---      | ---   | ---       | ---    | ---    | ---           | ---       | ---     | ---     | ---              | ---             | ---    |
| str     | str      | i64   | f64       | f64    | f64    | f64           | f64       | f64     | f64     | f64              | f64             | f64    |
+========================================================================================================================================================+
| lockbox | ALL      | 45000 | 0.9603    | 0.9591 | 0.9614 | 0.9499        | 0.9609    | 0.9896  | 0.9158  | 0.0621           | 0.0558          | 0.9845 |
| lockbox | India    | 18012 | 0.9434    | 0.9410 | 0.9455 | 0.9464        | 0.9432    | 0.9870  | 0.8824  | 0.0681           | 0.0559          | 0.9707 |
| lockbox | US       | 26988 | 0.9716    | 0.9703 | 0.9728 | 0.9522        | 0.9727    | 0.9912  | 0.9382  | 0.0580           | 0.0558          | 0.9938 |
| lockbox | test-mix | 45000 | 0.9561    | 0.9547 | 0.9574 | null          | null      | null    | null    | null             | null            | null   |
| dev OOF | ALL      | 22133 | 0.9605    | 0.9589 | 0.9621 | 0.9549        | 0.9609    | 0.9892  | 0.9159  | 0.0622           | 0.0561          | 0.9846 |
| dev OOF | India    | 8751  | 0.9436    | 0.9405 | 0.9466 | 0.9420        | 0.9437    | 0.9868  | 0.8824  | 0.0667           | 0.0552          | 0.9707 |
| dev OOF | US       | 13382 | 0.9716    | 0.9700 | 0.9733 | 0.9631        | 0.9722    | 0.9907  | 0.9379  | 0.0593           | 0.0566          | 0.9937 |
| dev OOF | test-mix | 22133 | 0.9562    | 0.9543 | 0.9582 | null          | null      | null    | null    | null             | null            | null   |
+---------+----------+-------+-----------+--------+--------+---------------+-----------+---------+---------+------------------+-----------------+--------+
appended to reports/lockbox_milestone.md
