  loaded 9,247,141 rows x 73 features from 89 parts (2.5 GB)
  split 0: best_iter 1841, 595s
  split 1: best_iter 1707, 565s
  split 2: best_iter 1945, 630s
  split 3: best_iter 1747, 611s
  split 4: best_iter 1871, 564s
OOF AUC 0.99987  AP 0.99858
shape: (15, 2)
+--------------+----------+
| feature      | gain     |
| ---          | ---      |
| str          | f64      |
+=========================+
| n_fam        | 0.343381 |
| r_all        | 0.230474 |
| s_mix        | 0.050379 |
| num_ov_min   | 0.042175 |
| s_all        | 0.035308 |
| addr_unm_b   | 0.032399 |
| addr_wov_min | 0.028737 |
| nm_partial   | 0.028395 |
| name_unm_b   | 0.022063 |
| nm_ph_ratio  | 0.020581 |
| num_conflict | 0.019741 |
| num_n_b      | 0.013945 |
| ad_tset      | 0.013161 |
| nm_comp_jw   | 0.010569 |
| lg_same      | 0.010485 |
+--------------+----------+
peak RSS 1.72 GB, wall 2986s
train exit 0
